[2025-10-18 12:22:01] === Starting automatic account archive process ===
[2025-10-18 12:22:01] Project root: C:\xampp\htdocs\Barangay-Balas
[2025-10-18 12:22:01] Cutoff date: 2024-10-18 12:22:01
[2025-10-18 12:22:01] Looking for accounts inactive since: 2024-10-18 12:22:01
[2025-10-18 12:22:01] Found 0 accounts to process
[2025-10-18 12:22:01] 
=== Archive process completed ===
[2025-10-18 12:22:01] Total accounts archived: 0
[2025-10-18 12:22:01] Errors: 0
[2025-10-18 12:22:01] Script execution completed at: 2025-10-18 12:22:01
[2025-10-18 12:22:01] ============================================================

[2025-10-18 12:22:02] === Starting automatic account archive process ===
[2025-10-18 12:22:02] Project root: C:\xampp\htdocs\Barangay-Balas
[2025-10-18 12:22:02] Cutoff date: 2024-10-18 12:22:02
[2025-10-18 12:22:02] Looking for accounts inactive since: 2024-10-18 12:22:02
[2025-10-18 12:22:02] Found 0 accounts to process
[2025-10-18 12:22:02] 
=== Archive process completed ===
[2025-10-18 12:22:02] Total accounts archived: 0
[2025-10-18 12:22:02] Errors: 0
[2025-10-18 12:22:02] Script execution completed at: 2025-10-18 12:22:02
[2025-10-18 12:22:02] ============================================================

