[05-Aug-2025 14:29:42 Europe/Berlin] PHP Fatal error:  Uncaught Error: mysqli_stmt::bind_param(): Argument #4 cannot be passed by reference in C:\xampp\htdocs\Balas 2.0\admin\residents-backend.php:292
Stack trace:
#0 C:\xampp\htdocs\Balas 2.0\admin\residents-backend.php(30): handleAddResident()
#1 {main}
  thrown in C:\xampp\htdocs\Balas 2.0\admin\residents-backend.php on line 292
[05-Aug-2025 14:49:08 Europe/Berlin] PHP Fatal error:  Uncaught Error: mysqli_stmt::bind_param(): Argument #4 cannot be passed by reference in C:\xampp\htdocs\Balas 2.0\admin\residents-backend.php:290
Stack trace:
#0 C:\xampp\htdocs\Balas 2.0\admin\residents-backend.php(41): handleAddResident()
#1 {main}
  thrown in C:\xampp\htdocs\Balas 2.0\admin\residents-backend.php on line 290
[13-Aug-2025 11:20:48 Europe/Berlin] PHP Fatal error:  Uncaught Error: Call to undefined function handleAccountRequests() in C:\xampp\htdocs\balas-2.0\admin\residents-backend.php:38
Stack trace:
#0 {main}
  thrown in C:\xampp\htdocs\balas-2.0\admin\residents-backend.php on line 38
[13-Aug-2025 11:21:27 Europe/Berlin] PHP Fatal error:  Uncaught Error: Call to undefined function handleAccountRequests() in C:\xampp\htdocs\balas-2.0\admin\residents-backend.php:38
Stack trace:
#0 {main}
  thrown in C:\xampp\htdocs\balas-2.0\admin\residents-backend.php on line 38
[13-Aug-2025 11:23:30 Europe/Berlin] PHP Fatal error:  Uncaught Error: Call to undefined function handleAccountRequests() in C:\xampp\htdocs\balas-2.0\admin\residents-backend.php:38
Stack trace:
#0 {main}
  thrown in C:\xampp\htdocs\balas-2.0\admin\residents-backend.php on line 38
[13-Aug-2025 11:24:01 Europe/Berlin] PHP Fatal error:  Uncaught Error: Call to undefined function handleAccountRequests() in C:\xampp\htdocs\balas-2.0\admin\residents-backend.php:38
Stack trace:
#0 {main}
  thrown in C:\xampp\htdocs\balas-2.0\admin\residents-backend.php on line 38
[13-Aug-2025 11:24:49 Europe/Berlin] PHP Fatal error:  Uncaught Error: Call to undefined function handleAccountRequests() in C:\xampp\htdocs\balas-2.0\admin\residents-backend.php:38
Stack trace:
#0 {main}
  thrown in C:\xampp\htdocs\balas-2.0\admin\residents-backend.php on line 38
[03-Sep-2025 04:18:09 Europe/Berlin] PHP Warning:  Undefined variable $params in C:\xampp\htdocs\Barangay-Balas\admin\residents-backend.php on line 124
[03-Sep-2025 04:18:09 Europe/Berlin] PHP Fatal error:  Uncaught TypeError: array_merge(): Argument #1 must be of type array, null given in C:\xampp\htdocs\Barangay-Balas\admin\residents-backend.php:124
Stack trace:
#0 C:\xampp\htdocs\Barangay-Balas\admin\residents-backend.php(124): array_merge(NULL, Array)
#1 C:\xampp\htdocs\Barangay-Balas\admin\residents-backend.php(34): handleListResidents()
#2 {main}
  thrown in C:\xampp\htdocs\Barangay-Balas\admin\residents-backend.php on line 124
